// Jest Snapshot v1, https://goo.gl/fbAQLP

exports[`Main test rendered correctly 1`] = `
<View
  style={
    Object {
      "alignItems": "center",
      "flex": 1,
      "justifyContent": "center",
    }
  }
>
  <Text>
    Hello World
  </Text>
  <View
    accessible={true}
    focusable={true}
    onClick={[Function]}
    onResponderGrant={[Function]}
    onResponderMove={[Function]}
    onResponderRelease={[Function]}
    onResponderTerminate={[Function]}
    onResponderTerminationRequest={[Function]}
    onStartShouldSetResponder={[Function]}
    style={
      Object {
        "backgroundColor": "#00a",
        "borderRadius": 8,
        "margin": 10,
        "opacity": 1,
        "padding": 10,
      }
    }
  >
    <Text
      style={
        Object {
          "color": "#fff",
          "fontSize": 15,
        }
      }
    >
      Traduzir
    </Text>
  </View>
</View>
`;
